Syntax exception in row : 1 column : 6 - Expected identifier, constant or expression
