0  | 0  | CONST_DOUBLE             | 1.23                     | 1.230000000000000
