0  | 0  | CONST_DOUBLE             | 1234567e-10              | 0.000123456700000
