0  | 0  | CONST_DOUBLE             | 0.12987E0                | 0.129870000000000
