0  | 0  | CONST_DOUBLE             | 1e10                     | 10000000000.000000000000000
0  | 5  | CONST_INTEGER            | 123                      | 123
0  | 9  | CONST_INTEGER            | 57                       | 57
0  | 12 | CONST_DOUBLE             | 1.e3                     | 1000.000000000000000
