0  | 0  | VARIABLE                 | __AydhWNC_NCB88271_128xzZZ| 
