1  | 1  | KEYWORD_VAR              | var                      | 
2  | 1  | KEYWORD_VAR              | Var                      | 
3  | 1  | KEYWORD_VAR              | VAr                      | 
4  | 1  | KEYWORD_VAR              | VAR                      | 
5  | 1  | KEYWORD_VAR              | vAr                      | 
