1  | 1  | SEP_DOT                  | .                        | 
