1  | 1  | VARIABLE                 | a                        | 
1  | 2  | SEP_DOT                  | .                        | 
1  | 3  | CONST_INTEGER            | 5                        | 5
4  | 1  | KEYWORD_INTEGER          | integer                  | 
4  | 9  | KEYWORD_DOUBLE           | double                   | 
