0  | 0  | KEYWORD_BEGIN            | begin                    | 
2  | 1  | SEP_BRACKET_FIGURE_RIGHT | }                        | 
2  | 2  | SEP_BRACKET_FIGURE_RIGHT | }                        | 
