1  | 1  | IDENTIFIER               | a                        | 
1  | 3  | KEYWORD_ASSIGN           | :=                       | 
1  | 6  | CONST_INTEGER            | 2                        | 2
1  | 8  | OP_MULT                  | *                        | 
1  | 10 | IDENTIFIER               | b                        | 
1  | 12 | OP_PLUS                  | +                        | 
1  | 14 | IDENTIFIER               | c                        | 
1  | 15 | SEP_SEMICOLON            | ;                        | 
