2  | 1  | KEYWORD_FUNCTION         | function                 | 
2  | 10 | IDENTIFIER               | sum                      | 
2  | 13 | SEP_BRACKET_LEFT         | (                        | 
2  | 14 | IDENTIFIER               | a                        | 
2  | 15 | SEP_COMMA                | ,                        | 
2  | 17 | IDENTIFIER               | b                        | 
2  | 18 | OP_COLON                 | :                        | 
2  | 20 | KEYWORD_INTEGER          | integer                  | 
2  | 27 | SEP_BRACKET_RIGHT        | )                        | 
2  | 29 | OP_COLON                 | :                        | 
2  | 31 | KEYWORD_INTEGER          | integer                  | 
2  | 38 | SEP_SEMICOLON            | ;                        | 
3  | 1  | KEYWORD_BEGIN            | begin                    | 
4  | 3  | IDENTIFIER               | sum                      | 
4  | 7  | KEYWORD_ASSIGN           | :=                       | 
4  | 10 | IDENTIFIER               | a                        | 
4  | 12 | OP_PLUS                  | +                        | 
4  | 14 | IDENTIFIER               | b                        | 
4  | 15 | SEP_SEMICOLON            | ;                        | 
7  | 1  | KEYWORD_END              | end                      | 
7  | 4  | SEP_SEMICOLON            | ;                        | 
