Lexical exception in row : 1 column : 1 - Unclosed comment
