1  | 1  | CONST_DOUBLE             | 1.2345                   | 1.234500000000000
1  | 7  | SEP_DOT                  | .                        | 
1  | 8  | IDENTIFIER               | e                        | 
