test : function()
   resultType : Nil

test declarations:
   a : Record
      name : String
      age : Integer
      height : Double
   end
   |-- Record
   |        |-- 'Alice'
   |        |-- 17
   |        --- 5.600000

