Lexical exception in position (3,27) - Incompatible types, expected Integer but found Double
