test : function()
   resultType : Nil

test declarations:
   a : Integer

   b : Integer

   d : Double

   c : Char

   s : String

|-- Statements
|            |-- Write
|            |       |-- Integer
|            |       |         |-- c
|            |-- Write
|            |       |-- div
|            |       |     |-- +
|            |       |     |   |-- 101
|            |       |     |   --- Integer
|            |       |     |             |-- c
|            |       |     --- +
|            |       |         |-- a
|            |       |         --- b
|            --- Write
|                    |-- +
|                    |   |-- String
|                    |   |        |-- Char
|                    |   |        |      |-- -
|                    |   |        |      |   |-- 105
|                    |   |        |      |   --- *
|                    |   |        |      |       |-- 7
|                    |   |        |      |       --- a
|                    |   --- String
|                    |            |-- c

