Lexical exception in position (6,8) - Index out of range
