Lexical exception in position (3,32) - High range limit < low range limit
