Syntax exception in position (4,4) - Expected ":=" but found ";"
