Lexical exception in position (4,10) - Incompatible types, expected "Integer" but found "Double"
