Lexical exception in position (5,11) - Incompatible types, expected Integer but found String
