Syntax exception in position (4,17) - Expected "Do" but found ")"
