Lexical exception in position (6,16) - Incompatible types, expected Integer but found Double
