Syntax exception in position (6,20) - Expected "Do" but found "begin"
