test : function()
   resultType : Nil

test declarations:
   a : Integer
   |-- 10

   b : Integer
   |-- 20

|-- Statements
|            |-- :=
|            |    |-- a
|            |    --- 300
|            --- :=
|                 |-- b
|                 --- a
