Lexical exception in position (7,21) - Illegal expression
