abc : function()
   resultType : Nil

abc declarations:
