Syntax exception in position (1,8) - Required VARIABLE but found ;
