abc : function()
   resultType : Nil
   
Declarations:
   myInteger : Type Integer
   myDouble : Type Double
