test : function()
   resultType : Nil

test declarations:
   a : Const Integer
   |-- 5

   b : Const Double
   |-- 5432.100000

