test : function()
   resultType : Nil

test declarations:
   a : Const Integer
   |-- 5

   b : Const Double
   |-- 3.000000

   c : Double
   |-- 8.000000

