test : function()
   resultType : Nil

test declarations:
   a : Integer
   |-- 1

   b : Const Double
   |-- 1.000000

   c : Const Integer
   |-- -5

   d : Const Char
   |-- 7

