test : function()
   resultType : Nil

test declarations:
   a : Array [1, 10] of Integer

