Lexical exception in position (5,14) - High range limit < low range limit
