test : function()
   resultType : Nil
   
Declarations:
   a : Record
      a : Integer
      b : Double
      c : Array [-5, 5] of Char
   end
