test : function()
   resultType : Nil
   
Declarations:
   myarr : Type Array [11, 12] of String
   a : Record
      a : Integer
      b : Double
      c : Array [-5, 5] of Record
         a : Char
         abc : Array [-100, -98] of Array [5, 6] of Array [11, 12] of String
      end
      d : String
   end
